// Jest Snapshot v1, https://goo.gl/fbAQLP

exports[`matches snapshot 1`] = `
<DocumentFragment>
  <div
    class="BoxList"
  >
    <form>
      <label
        for="color"
      >
        Box Color:
      </label>
      <input
        id="color"
        name="color"
        value=""
      />
      <label
        for="width"
      >
        Box Width:
      </label>
      <input
        id="width"
        name="width"
        value=""
      />
      <label
        for="height"
      >
        Box Height:
      </label>
      <input
        id="height"
        name="height"
        value=""
      />
      <button>
        Add a new Box!
      </button>
    </form>
    <li />
  </div>
</DocumentFragment>
`;
